// Jest Snapshot v1, https://goo.gl/fbAQLP

exports[`AlbumList component snapshot testing matches the snapshot 1`] = `
Array [
  <div>
    <h1>
      Album Name : 
      A Great Album Name
    </h1>
    <h4>
      Loading ....
    </h4>
  </div>,
]
`;
