// Jest Snapshot v1, https://goo.gl/fbAQLP

exports[`App component snapshot testing matches the snapshot 1`] = `
Array [
  <div
    className="App"
  >
    <BrowserRouter>
      <Switch>
        <Route
          component={[Function]}
          exact={true}
          path="/"
        />
        <Route
          component={[Function]}
          exact={true}
          path="/photo/:id"
        />
        <Route
          component={[Function]}
          path="/photo/full/:id"
        />
      </Switch>
    </BrowserRouter>
  </div>,
]
`;
